dbda8@dbda8-VMware-Virtual-Platform:~$ sudo su
[sudo] password for dbda8: 
root@dbda8-VMware-Virtual-Platform:/home/dbda8# cd /
root@dbda8-VMware-Virtual-Platform:/# git clone https://github.com/NiranjanMBarhate/Niranjan.git
Cloning into 'Niranjan'...
remote: Enumerating objects: 3, done.
remote: Counting objects: 100% (3/3), done.
remote: Total 3 (delta 0), reused 0 (delta 0), pack-reused 0 (from 0)
Receiving objects: 100% (3/3), done.
root@dbda8-VMware-Virtual-Platform:/# ls
,               bin.usr-is-merged  cdrom    dev     fun.sh   kewal  lib.usr-is-merged  mnt       opt   rock     run                 script1.sh  script4.sh  srv  usr
Assignment2.sh  bob                common   etc     home     lib    lioness            Niranjan  proc  rock.sh  sbin                script2.sh  script5.sh  sys  var
bin             boot               cricket  fog.sh  kahipan  lib64  media              niru      raj   root     sbin.usr-is-merged  script3.sh  snap        tmp
root@dbda8-VMware-Virtual-Platform:/# cd Niranjan
root@dbda8-VMware-Virtual-Platform:/Niranjan# ls
README.md
root@dbda8-VMware-Virtual-Platform:/Niranjan# git log
commit 0d6b1b1af7a8ff2b220c07a7c84e1fb633bdbe27 (HEAD -> main, origin/main, origin/HEAD)
Author: NiranjanMBarhate <63952199+NiranjanMBarhate@users.noreply.github.com>
Date:   Wed Mar 5 09:37:00 2025 +0530

    Initial commit
root@dbda8-VMware-Virtual-Platform:/Niranjan# git ststus
git: 'ststus' is not a git command. See 'git --help'.

The most similar command is
	status
root@dbda8-VMware-Virtual-Platform:/Niranjan# git status
On branch main
Your branch is up to date with 'origin/main'.

nothing to commit, working tree clean
root@dbda8-VMware-Virtual-Platform:/Niranjan# cat data.txt
cat: data.txt: No such file or directory
root@dbda8-VMware-Virtual-Platform:/Niranjan# cat > data.txt
github repository            
root@dbda8-VMware-Virtual-Platform:/Niranjan# ls
data.txt  README.md
root@dbda8-VMware-Virtual-Platform:/Niranjan# git status
On branch main
Your branch is up to date with 'origin/main'.

Untracked files:
  (use "git add <file>..." to include in what will be committed)
	data.txt

nothing added to commit but untracked files present (use "git add" to track)
root@dbda8-VMware-Virtual-Platform:/Niranjan# git add.
git: 'add.' is not a git command. See 'git --help'.

The most similar command is
	add
root@dbda8-VMware-Virtual-Platform:/Niranjan# git add .
root@dbda8-VMware-Virtual-Platform:/Niranjan# git status
On branch main
Your branch is up to date with 'origin/main'.

Changes to be committed:
  (use "git restore --staged <file>..." to unstage)
	new file:   data.txt

root@dbda8-VMware-Virtual-Platform:/Niranjan# git log
commit 0d6b1b1af7a8ff2b220c07a7c84e1fb633bdbe27 (HEAD -> main, origin/main, origin/HEAD)
Author: NiranjanMBarhate <63952199+NiranjanMBarhate@users.noreply.github.com>
Date:   Wed Mar 5 09:37:00 2025 +0530

    Initial commit
root@dbda8-VMware-Virtual-Platform:/Niranjan# git commit -m "first commit"
Author identity unknown

*** Please tell me who you are.

Run

  git config --global user.email "you@example.com"
  git config --global user.name "Your Name"

to set your account's default identity.
Omit --global to set the identity only in this repository.

fatal: unable to auto-detect email address (got 'root@dbda8-VMware-Virtual-Platform.(none)')
root@dbda8-VMware-Virtual-Platform:/Niranjan# git config --global user.email "niranjanbarhate12@gmail.com"
root@dbda8-VMware-Virtual-Platform:/Niranjan# git config --global user.name "Niranjan"
root@dbda8-VMware-Virtual-Platform:/Niranjan# git commit -m "first commit"
[main 658270d] first commit
 1 file changed, 1 insertion(+)
 create mode 100644 data.txt
root@dbda8-VMware-Virtual-Platform:/Niranjan# git log
commit 658270d6fe46c15b56e6b37804a4605d691df4a4 (HEAD -> main)
Author: Niranjan <niranjanbarhate12@gmail.com>
Date:   Wed Mar 5 09:44:18 2025 +0530

    first commit

commit 0d6b1b1af7a8ff2b220c07a7c84e1fb633bdbe27 (origin/main, origin/HEAD)
Author: NiranjanMBarhate <63952199+NiranjanMBarhate@users.noreply.github.com>
Date:   Wed Mar 5 09:37:00 2025 +0530

    Initial commit
root@dbda8-VMware-Virtual-Platform:/Niranjan# ls
data.txt  README.md
root@dbda8-VMware-Virtual-Platform:/Niranjan# cat data.txt
github repository
root@dbda8-VMware-Virtual-Platform:/Niranjan# vim data.txt
root@dbda8-VMware-Virtual-Platform:/Niranjan# vim data.txt
root@dbda8-VMware-Virtual-Platform:/Niranjan# cat data.txt
github repository
This repository belongs to Raj and Niranjan
root@dbda8-VMware-Virtual-Platform:/Niranjan# git status
On branch main
Your branch is ahead of 'origin/main' by 1 commit.
  (use "git push" to publish your local commits)

Changes not staged for commit:
  (use "git add <file>..." to update what will be committed)
  (use "git restore <file>..." to discard changes in working directory)
	modified:   data.txt

no changes added to commit (use "git add" and/or "git commit -a")
root@dbda8-VMware-Virtual-Platform:/Niranjan# git commit -m "updated data.txt"
On branch main
Your branch is ahead of 'origin/main' by 1 commit.
  (use "git push" to publish your local commits)

Changes not staged for commit:
  (use "git add <file>..." to update what will be committed)
  (use "git restore <file>..." to discard changes in working directory)
	modified:   data.txt

no changes added to commit (use "git add" and/or "git commit -a")
root@dbda8-VMware-Virtual-Platform:/Niranjan# git add .
root@dbda8-VMware-Virtual-Platform:/Niranjan# git commit -m "updated data.txt"
[main e8c97f7] updated data.txt
 1 file changed, 1 insertion(+)
root@dbda8-VMware-Virtual-Platform:/Niranjan# git log
commit e8c97f7b764680e47197abeaa333c2f9c6e16cc7 (HEAD -> main)
Author: Niranjan <niranjanbarhate12@gmail.com>
Date:   Wed Mar 5 09:47:01 2025 +0530

    updated data.txt

commit 658270d6fe46c15b56e6b37804a4605d691df4a4
Author: Niranjan <niranjanbarhate12@gmail.com>
Date:   Wed Mar 5 09:44:18 2025 +0530

    first commit

commit 0d6b1b1af7a8ff2b220c07a7c84e1fb633bdbe27 (origin/main, origin/HEAD)
Author: NiranjanMBarhate <63952199+NiranjanMBarhate@users.noreply.github.com>
Date:   Wed Mar 5 09:37:00 2025 +0530

    Initial commit
root@dbda8-VMware-Virtual-Platform:/Niranjan# ls
data.txt  README.md
root@dbda8-VMware-Virtual-Platform:/Niranjan# 
oot@dbda8-VMware-Virtual-Platform:/Niranjan# git checkout -b dbda
Switched to a new branch 'dbda'
root@dbda8-VMware-Virtual-Platform:/Niranjan# git branch
* dbda
  main
root@dbda8-VMware-Virtual-Platform:/Niranjan# git checkout main
Switched to branch 'main'
Your branch is ahead of 'origin/main' by 2 commits.
  (use "git push" to publish your local commits)
root@dbda8-VMware-Virtual-Platform:/Niranjan# git merge test
merge: test - not something we can merge
root@dbda8-VMware-Virtual-Platform:/Niranjan# git merge dbda
Already up to date.
root@dbda8-VMware-Virtual-Platform:/Niranjan# git log
commit e8c97f7b764680e47197abeaa333c2f9c6e16cc7 (HEAD -> main, dbda)
Author: Niranjan <niranjanbarhate12@gmail.com>
Date:   Wed Mar 5 09:47:01 2025 +0530

    updated data.txt

commit 658270d6fe46c15b56e6b37804a4605d691df4a4
Author: Niranjan <niranjanbarhate12@gmail.com>
Date:   Wed Mar 5 09:44:18 2025 +0530

    first commit

commit 0d6b1b1af7a8ff2b220c07a7c84e1fb633bdbe27 (origin/main, origin/HEAD)
Author: NiranjanMBarhate <63952199+NiranjanMBarhate@users.noreply.github.com>
Date:   Wed Mar 5 09:37:00 2025 +0530

    Initial commit
root@dbda8-VMware-Virtual-Platform:/Niranjan# cat >> dbda
linux
git
cloud
root@dbda8-VMware-Virtual-Platform:/Niranjan# git merge dbda
Already up to date.
root@dbda8-VMware-Virtual-Platform:/Niranjan# cat dbda
linux
git
cloud
root@dbda8-VMware-Virtual-Platform:/Niranjan# rm dbda
root@dbda8-VMware-Virtual-Platform:/Niranjan# git checkout dbda
Switched to branch 'dbda'
root@dbda8-VMware-Virtual-Platform:/Niranjan# cat > linux
Command      
git
linux
root@dbda8-VMware-Virtual-Platform:/Niranjan# git checkout main
Switched to branch 'main'
Your branch is ahead of 'origin/main' by 2 commits.
  (use "git push" to publish your local commits)
root@dbda8-VMware-Virtual-Platform:/Niranjan# git merge dbda
Already up to date.
root@dbda8-VMware-Virtual-Platform:/Niranjan# git log
commit e8c97f7b764680e47197abeaa333c2f9c6e16cc7 (HEAD -> main, dbda)
Author: Niranjan <niranjanbarhate12@gmail.com>
Date:   Wed Mar 5 09:47:01 2025 +0530

    updated data.txt

commit 658270d6fe46c15b56e6b37804a4605d691df4a4
Author: Niranjan <niranjanbarhate12@gmail.com>
Date:   Wed Mar 5 09:44:18 2025 +0530

    first commit

commit 0d6b1b1af7a8ff2b220c07a7c84e1fb633bdbe27 (origin/main, origin/HEAD)
Author: NiranjanMBarhate <63952199+NiranjanMBarhate@users.noreply.github.com>
Date:   Wed Mar 5 09:37:00 2025 +0530

    Initial commit
root@dbda8-VMware-Virtual-Platform:/Niranjan# git checkout dbda
Switched to branch 'dbda'
root@dbda8-VMware-Virtual-Platform:/Niranjan# git ad .
git: 'ad' is not a git command. See 'git --help'.

The most similar commands are
	add
	am
root@dbda8-VMware-Virtual-Platform:/Niranjan# git add .
root@dbda8-VMware-Virtual-Platform:/Niranjan# git commit -m "First"
[dbda 3b2386a] First
 1 file changed, 3 insertions(+)
 create mode 100644 linux
root@dbda8-VMware-Virtual-Platform:/Niranjan# git checkout main
Switched to branch 'main'
Your branch is ahead of 'origin/main' by 2 commits.
  (use "git push" to publish your local commits)
root@dbda8-VMware-Virtual-Platform:/Niranjan# ls
data.txt  README.md
root@dbda8-VMware-Virtual-Platform:/Niranjan# git merge dbda
Updating e8c97f7..3b2386a
Fast-forward
 linux | 3 +++
 1 file changed, 3 insertions(+)
 create mode 100644 linux
root@dbda8-VMware-Virtual-Platform:/Niranjan# ls
data.txt  linux  README.md
root@dbda8-VMware-Virtual-Platform:/Niranjan# git log



